1
2
1
2
7
2
6
2
5
2
4
2
3
[-1 0 -2 4 5]
[4 10 15 0 0]
[1 2 0 4 5]
[0 1 0 1 1]
[-2 0 -5 0 0]
[1 1 0 0 0]
