[1 2 3 4 5 6 7 8 9 10 11 12 13 14 15 16]
[2 4 6 8 10 12 14 16 18 20 22 24 26 28 30 32]
[0 0 0 0 0 0 0 0 0 0 0 0 0 0 0 0]
[1 4 9 16 25 36 49 64 81 100 121 144 169 196 225 256]
[1 1 1 1 1 1 1 1 1 1 1 1 1 1 1 1]
[2 3 4 5 6 7 8 9 10 11 12 13 14 15 16 17]
[-1 0 1 2 3 4 5 6 7 8 9 10 11 12 13 14]
[3 6 9 12 15 18 21 24 27 30 33 36 39 42 45 48]
[0 0 0 1 1 1 1 2 2 2 2 3 3 3 3 4]
[2 3 4 5 6 7 8 9 10 11 12 13 14 15 16 17]
[1 0 -1 -2 -3 -4 -5 -6 -7 -8 -9 -10 -11 -12 -13 -14]
[3 6 9 12 15 18 21 24 27 30 33 36 39 42 45 48]
[4 2 1 1 0 0 0 0 0 0 0 0 0 0 0 0]
[1 1 1 1 1 1 1 1 1 1 1 1 1 1 1 1]
[0 0 0 0 0 0 0 0 0 0 0 0 0 0 0 0]
[0 0 0 0 0 0 0 0 0 0 0 0 0 0 0 0]
[0 0 0 0 0 0 0 0 0 0 0 0 0 0 0 0]
[1 1 1 1 1 1 1 1]
[1 1 1 1 1 1 1 1]
[0 0 0 0 0 0 0 0 0 0 0 0 0 0 0 0]
0
[1 2 3 4 5 6 7 8 9 10 11 12 13 14 15 16]
1
1
